components/configurator/ConfiguratorModal.tsx(346,19): error TS2322: Type '{ en: string; hi: string; }' is not assignable to type 'string'.
components/configurator/ConfiguratorModal.tsx(384,142): error TS2322: Type '{ en: string; hi: string; }' is not assignable to type 'ReactNode'.
components/configurator/ConfiguratorModal.tsx(428,45): error TS2322: Type '{ en: string; hi: string; }' is not assignable to type 'ReactNode'.
